           *******************************************************
                            Listing of SPARK Text
 SPARK Examiner Pro Edition, Version 8.1.4, Build Date 20090925, Build 14331
      Copyright (C) 2009 Praxis High Integrity Systems Ltd., Bath, U.K.
           *******************************************************


                        DATE : 26-NOV-2009 09:54:53.58

Line
   1  with Degrees;
   2  --# inherit Instruments,Degrees;
   3  private package AP.Altitude.Pitch.Rate
   4    --# own Pitch_History;
   5    --# initializes Pitch_History;
   6  is
   7     procedure Calc_Pitchrate(Pitch             : in  Instruments.Pitchangle;
   8  			    Present_Pitchrate : out Degrees.Degreespersec);
   9     --# global in out Pitch_History;
  10     --# derives Present_Pitchrate 
  11     --#        from Pitch,
  12     --#             Pitch_History &
  13     --#  Pitch_History
  14     --#        from *,
  15     --#             Pitch
  16     --#  ;
  17     
  18  end AP.Altitude.Pitch.Rate;


--End of file--------------------------------------------------
